make: Nothing to be done for 'sim'.
